#
# There is insufficient memory for the Java Runtime Environment to continue.
# Native memory allocation (malloc) failed to allocate 824176 bytes for Chunk::new
# Possible reasons:
#   The system is out of physical RAM or swap space
#   The process is running with CompressedOops enabled, and the Java Heap may be blocking the growth of the native heap
# Possible solutions:
#   Reduce memory load on the system
#   Increase physical memory or swap space
#   Check if swap backing store is full
#   Decrease Java heap size (-Xmx/-Xms)
#   Decrease number of Java threads
#   Decrease Java thread stack sizes (-Xss)
#   Set larger code cache with -XX:ReservedCodeCacheSize=
#   JVM is running with Unscaled Compressed Oops mode in which the Java heap is
#     placed in the first 4GB address space. The Java Heap base address is the
#     maximum limit for the native heap growth. Please use -XX:HeapBaseMinAddress
#     to set the Java Heap base and to place the Java Heap above 4GB virtual address.
# This output file may be truncated or incomplete.
#
#  Out of Memory Error (arena.cpp:184), pid=21396, tid=11696
#
# JRE version: Java(TM) SE Runtime Environment (20.0.1+9) (build 20.0.1+9-29)
# Java VM: Java HotSpot(TM) 64-Bit Server VM (20.0.1+9-29, mixed mode, sharing, tiered, compressed oops, compressed class ptrs, g1 gc, windows-amd64)
# No core dump will be written. Minidumps are not enabled by default on client versions of Windows
#

---------------  S U M M A R Y ------------

Command Line: -XX:MaxMetaspaceSize=512m --add-opens=java.base/java.util=ALL-UNNAMED --add-opens=java.base/java.lang=ALL-UNNAMED --add-opens=java.base/java.lang.invoke=ALL-UNNAMED --add-opens=java.prefs/java.util.prefs=ALL-UNNAMED --add-exports=jdk.compiler/com.sun.tools.javac.api=ALL-UNNAMED --add-exports=jdk.compiler/com.sun.tools.javac.util=ALL-UNNAMED --add-opens=java.base/java.nio.charset=ALL-UNNAMED --add-opens=java.base/java.net=ALL-UNNAMED --add-opens=java.base/java.util.concurrent.atomic=ALL-UNNAMED -Xmx2048m -Dfile.encoding=UTF-8 -Duser.country=IN -Duser.language=en -Duser.variant -javaagent:C:\Users\Mohan Raj\.gradle\wrapper\dists\gradle-8.10.2-all\7iv73wktx1xtkvlq19urqw1wm\gradle-8.10.2\lib\agents\gradle-instrumentation-agent-8.10.2.jar org.gradle.launcher.daemon.bootstrap.GradleDaemon 8.10.2

Host: 11th Gen Intel(R) Core(TM) i5-11400H @ 2.70GHz, 12 cores, 7G,  Windows 11 , 64 bit Build 22621 (10.0.22621.5415)
Time: Mon Jun 30 16:05:57 2025 India Standard Time elapsed time: 18.129936 seconds (0d 0h 0m 18s)

---------------  T H R E A D  ---------------

Current thread (0x00000149e8127b20):  JavaThread "C2 CompilerThread0" daemon [_thread_in_native, id=11696, stack(0x0000004545e00000,0x0000004545f00000)]


Current CompileTask:
C2:  18130 7649       4       java.util.zip.ZipFile$Source::initCEN (612 bytes)

Stack: [0x0000004545e00000,0x0000004545f00000]
Native frames: (J=compiled Java code, j=interpreted, Vv=VM code, C=native code)
V  [jvm.dll+0x6bb95a]
V  [jvm.dll+0x8485fa]
V  [jvm.dll+0x84a1f5]
V  [jvm.dll+0x84a8f3]
V  [jvm.dll+0x280b0f]
V  [jvm.dll+0xc2b11]
V  [jvm.dll+0xc2e35]
V  [jvm.dll+0x3bb142]
V  [jvm.dll+0x3857f5]
V  [jvm.dll+0x384c6a]
V  [jvm.dll+0x24b259]
V  [jvm.dll+0x24a651]
V  [jvm.dll+0x1ce491]
V  [jvm.dll+0x259e1b]
V  [jvm.dll+0x2584f0]
V  [jvm.dll+0x3f2895]
V  [jvm.dll+0x7f4b56]
V  [jvm.dll+0x6ba5cb]
C  [ucrtbase.dll+0x29333]
C  [KERNEL32.DLL+0x1259d]
C  [ntdll.dll+0x5af78]


---------------  P R O C E S S  ---------------

Threads class SMR info:
_java_thread_list=0x00000149f18014d0, length=76, elements={
0x00000149cdd56050, 0x00000149e8115e30, 0x00000149e8116df0, 0x00000149e8118750,
0x00000149e811b450, 0x00000149e811cf60, 0x00000149e8126160, 0x00000149e8127b20,
0x00000149e81300c0, 0x00000149e80e41b0, 0x00000149eefba6b0, 0x00000149ef963f20,
0x00000149ef9649c0, 0x00000149ef963480, 0x00000149ef964470, 0x00000149ef965460,
0x00000149ef962f30, 0x00000149ef9659b0, 0x00000149ef965f00, 0x00000149ef9639d0,
0x00000149ef9629e0, 0x00000149f0e80fd0, 0x00000149f0e83a50, 0x00000149f0e82a60,
0x00000149f0e84a40, 0x00000149f0e80530, 0x00000149f0e80a80, 0x00000149f0e81520,
0x00000149f0e81fc0, 0x00000149f0e82fb0, 0x00000149f0e7ffe0, 0x00000149f0e864d0,
0x00000149f0e854e0, 0x00000149f0e7f540, 0x00000149f0e85f80, 0x00000149f0e86f70,
0x00000149f35ecad0, 0x00000149f35ebae0, 0x00000149f35eb040, 0x00000149f35eeab0,
0x00000149f35ed570, 0x00000149f35eb590, 0x00000149f35ec580, 0x00000149f35ec030,
0x00000149f35e85c0, 0x00000149f35edac0, 0x00000149f35e7080, 0x00000149f35e95b0,
0x00000149f35ed020, 0x00000149f35ee010, 0x00000149f35ea050, 0x00000149f35ee560,
0x00000149f35e75d0, 0x00000149f35e8070, 0x00000149f35ea5a0, 0x00000149f35e8b10,
0x00000149f35e9060, 0x00000149f35eaaf0, 0x00000149f35e9b00, 0x00000149f4241a50,
0x00000149f423efd0, 0x00000149f423e530, 0x00000149f423da90, 0x00000149f423f520,
0x00000149f423a570, 0x00000149f423caa0, 0x00000149f423fa70, 0x00000149f423ffc0,
0x00000149f4241500, 0x00000149f423dfe0, 0x00000149f423c550, 0x00000149f423c000,
0x00000149f4240510, 0x00000149f423aac0, 0x00000149f423b010, 0x00000149f423cff0
}

Java Threads: ( => current thread )
  0x00000149cdd56050 JavaThread "main" [_thread_blocked, id=15800, stack(0x0000004545100000,0x0000004545200000)]
  0x00000149e8115e30 JavaThread "Reference Handler" daemon [_thread_blocked, id=21392, stack(0x0000004545800000,0x0000004545900000)]
  0x00000149e8116df0 JavaThread "Finalizer" daemon [_thread_blocked, id=26708, stack(0x0000004545900000,0x0000004545a00000)]
  0x00000149e8118750 JavaThread "Signal Dispatcher" daemon [_thread_blocked, id=12900, stack(0x0000004545a00000,0x0000004545b00000)]
  0x00000149e811b450 JavaThread "Attach Listener" daemon [_thread_blocked, id=1860, stack(0x0000004545b00000,0x0000004545c00000)]
  0x00000149e811cf60 JavaThread "Service Thread" daemon [_thread_blocked, id=2516, stack(0x0000004545c00000,0x0000004545d00000)]
  0x00000149e8126160 JavaThread "Monitor Deflation Thread" daemon [_thread_blocked, id=7112, stack(0x0000004545d00000,0x0000004545e00000)]
=>0x00000149e8127b20 JavaThread "C2 CompilerThread0" daemon [_thread_in_native, id=11696, stack(0x0000004545e00000,0x0000004545f00000)]
  0x00000149e81300c0 JavaThread "C1 CompilerThread0" daemon [_thread_blocked, id=5344, stack(0x0000004545f00000,0x0000004546000000)]
  0x00000149e80e41b0 JavaThread "Common-Cleaner" daemon [_thread_blocked, id=27132, stack(0x0000004546000000,0x0000004546100000)]
  0x00000149eefba6b0 JavaThread "Notification Thread" daemon [_thread_blocked, id=5656, stack(0x0000004546100000,0x0000004546200000)]
  0x00000149ef963f20 JavaThread "Daemon health stats" [_thread_blocked, id=9840, stack(0x0000004546800000,0x0000004546900000)]
  0x00000149ef9649c0 JavaThread "Incoming local TCP Connector on port 61173" [_thread_in_native, id=13120, stack(0x0000004546900000,0x0000004546a00000)]
  0x00000149ef963480 JavaThread "Daemon periodic checks" [_thread_blocked, id=15176, stack(0x0000004546a00000,0x0000004546b00000)]
  0x00000149ef964470 JavaThread "Daemon" [_thread_blocked, id=25224, stack(0x0000004546b00000,0x0000004546c00000)]
  0x00000149ef965460 JavaThread "Handler for socket connection from /127.0.0.1:61173 to /127.0.0.1:61174" [_thread_in_native, id=20200, stack(0x0000004546c00000,0x0000004546d00000)]
  0x00000149ef962f30 JavaThread "Cancel handler" [_thread_blocked, id=27740, stack(0x0000004546d00000,0x0000004546e00000)]
  0x00000149ef9659b0 JavaThread "Daemon worker" [_thread_in_native, id=25308, stack(0x0000004546e00000,0x0000004546f00000)]
  0x00000149ef965f00 JavaThread "Asynchronous log dispatcher for DefaultDaemonConnection: socket connection from /127.0.0.1:61173 to /127.0.0.1:61174" [_thread_blocked, id=4380, stack(0x0000004546f00000,0x0000004547000000)]
  0x00000149ef9639d0 JavaThread "Stdin handler" [_thread_blocked, id=8472, stack(0x0000004547000000,0x0000004547100000)]
  0x00000149ef9629e0 JavaThread "Daemon client event forwarder" [_thread_blocked, id=14100, stack(0x0000004547100000,0x0000004547200000)]
  0x00000149f0e80fd0 JavaThread "Cache worker for journal cache (C:\Users\Mohan Raj\.gradle\caches\journal-1)" [_thread_blocked, id=29572, stack(0x0000004547200000,0x0000004547300000)]
  0x00000149f0e83a50 JavaThread "File lock request listener" [_thread_in_native, id=12148, stack(0x0000004547300000,0x0000004547400000)]
  0x00000149f0e82a60 JavaThread "Cache worker for file hash cache (C:\Users\Mohan Raj\.gradle\caches\8.10.2\fileHashes)" [_thread_blocked, id=19872, stack(0x0000004547400000,0x0000004547500000)]
  0x00000149f0e84a40 JavaThread "Cache worker for file hash cache (D:\reactnative\android\.gradle\8.10.2\fileHashes)" [_thread_blocked, id=12052, stack(0x0000004547b00000,0x0000004547c00000)]
  0x00000149f0e80530 JavaThread "Cache worker for Build Output Cleanup Cache (D:\reactnative\android\.gradle\buildOutputCleanup)" [_thread_blocked, id=29280, stack(0x0000004547c00000,0x0000004547d00000)]
  0x00000149f0e80a80 JavaThread "File watcher server" daemon [_thread_in_native, id=29188, stack(0x0000004547d00000,0x0000004547e00000)]
  0x00000149f0e81520 JavaThread "File watcher consumer" daemon [_thread_blocked, id=15244, stack(0x0000004547e00000,0x0000004547f00000)]
  0x00000149f0e81fc0 JavaThread "Cache worker for checksums cache (D:\reactnative\android\.gradle\8.10.2\checksums)" [_thread_blocked, id=26352, stack(0x0000004547f00000,0x0000004548000000)]
  0x00000149f0e82fb0 JavaThread "Cache worker for file content cache (C:\Users\Mohan Raj\.gradle\caches\8.10.2\fileContent)" [_thread_blocked, id=3212, stack(0x0000004548000000,0x0000004548100000)]
  0x00000149f0e7ffe0 JavaThread "Cache worker for cache directory md-rule (C:\Users\Mohan Raj\.gradle\caches\8.10.2\md-rule)" [_thread_blocked, id=18448, stack(0x0000004548100000,0x0000004548200000)]
  0x00000149f0e864d0 JavaThread "Cache worker for cache directory md-supplier (C:\Users\Mohan Raj\.gradle\caches\8.10.2\md-supplier)" [_thread_blocked, id=23304, stack(0x0000004548200000,0x0000004548300000)]
  0x00000149f0e854e0 JavaThread "File lock release action executor" [_thread_blocked, id=5968, stack(0x0000004548300000,0x0000004548400000)]
  0x00000149f0e7f540 JavaThread "jar transforms" [_thread_blocked, id=27452, stack(0x0000004548400000,0x0000004548500000)]
  0x00000149f0e85f80 JavaThread "Cache worker for Build Output Cleanup Cache (D:\reactnative\node_modules\@react-native\gradle-plugin\.gradle\buildOutputCleanup)" [_thread_blocked, id=15716, stack(0x0000004548500000,0x0000004548600000)]
  0x00000149f0e86f70 JavaThread "Unconstrained build operations" [_thread_blocked, id=21412, stack(0x0000004548600000,0x0000004548700000)]
  0x00000149f35ecad0 JavaThread "Unconstrained build operations Thread 2" [_thread_blocked, id=26840, stack(0x0000004548700000,0x0000004548800000)]
  0x00000149f35ebae0 JavaThread "Unconstrained build operations Thread 3" [_thread_blocked, id=14652, stack(0x0000004548800000,0x0000004548900000)]
  0x00000149f35eb040 JavaThread "Unconstrained build operations Thread 4" [_thread_blocked, id=22960, stack(0x0000004548900000,0x0000004548a00000)]
  0x00000149f35eeab0 JavaThread "Unconstrained build operations Thread 5" [_thread_blocked, id=25556, stack(0x0000004548a00000,0x0000004548b00000)]
  0x00000149f35ed570 JavaThread "Unconstrained build operations Thread 6" [_thread_blocked, id=25532, stack(0x0000004548b00000,0x0000004548c00000)]
  0x00000149f35eb590 JavaThread "Unconstrained build operations Thread 7" [_thread_blocked, id=7444, stack(0x0000004548d00000,0x0000004548e00000)]
  0x00000149f35ec580 JavaThread "Unconstrained build operations Thread 8" [_thread_blocked, id=24800, stack(0x0000004548e00000,0x0000004548f00000)]
  0x00000149f35ec030 JavaThread "Unconstrained build operations Thread 9" [_thread_blocked, id=14312, stack(0x0000004548f00000,0x0000004549000000)]
  0x00000149f35e85c0 JavaThread "Unconstrained build operations Thread 10" [_thread_blocked, id=29312, stack(0x0000004549000000,0x0000004549100000)]
  0x00000149f35edac0 JavaThread "Unconstrained build operations Thread 11" [_thread_blocked, id=26380, stack(0x0000004549100000,0x0000004549200000)]
  0x00000149f35e7080 JavaThread "Unconstrained build operations Thread 12" [_thread_blocked, id=7204, stack(0x0000004549200000,0x0000004549300000)]
  0x00000149f35e95b0 JavaThread "Unconstrained build operations Thread 13" [_thread_blocked, id=11928, stack(0x0000004549300000,0x0000004549400000)]
  0x00000149f35ed020 JavaThread "Unconstrained build operations Thread 14" [_thread_blocked, id=14064, stack(0x0000004549400000,0x0000004549500000)]
  0x00000149f35ee010 JavaThread "Unconstrained build operations Thread 15" [_thread_blocked, id=4804, stack(0x0000004549500000,0x0000004549600000)]
  0x00000149f35ea050 JavaThread "Unconstrained build operations Thread 16" [_thread_blocked, id=26764, stack(0x0000004549600000,0x0000004549700000)]
  0x00000149f35ee560 JavaThread "Unconstrained build operations Thread 17" [_thread_blocked, id=22304, stack(0x0000004549700000,0x0000004549800000)]
  0x00000149f35e75d0 JavaThread "Unconstrained build operations Thread 18" [_thread_blocked, id=17752, stack(0x0000004549800000,0x0000004549900000)]
  0x00000149f35e8070 JavaThread "Unconstrained build operations Thread 19" [_thread_blocked, id=14212, stack(0x0000004549900000,0x0000004549a00000)]
  0x00000149f35ea5a0 JavaThread "Unconstrained build operations Thread 20" [_thread_blocked, id=548, stack(0x0000004549a00000,0x0000004549b00000)]
  0x00000149f35e8b10 JavaThread "Unconstrained build operations Thread 21" [_thread_blocked, id=28148, stack(0x0000004549b00000,0x0000004549c00000)]
  0x00000149f35e9060 JavaThread "Unconstrained build operations Thread 22" [_thread_blocked, id=4892, stack(0x0000004549c00000,0x0000004549d00000)]
  0x00000149f35eaaf0 JavaThread "Unconstrained build operations Thread 23" [_thread_blocked, id=18516, stack(0x0000004549d00000,0x0000004549e00000)]
  0x00000149f35e9b00 JavaThread "Unconstrained build operations Thread 24" [_thread_blocked, id=17280, stack(0x0000004549e00000,0x0000004549f00000)]
  0x00000149f4241a50 JavaThread "Unconstrained build operations Thread 25" [_thread_blocked, id=7980, stack(0x0000004549f00000,0x000000454a000000)]
  0x00000149f423efd0 JavaThread "Unconstrained build operations Thread 26" [_thread_blocked, id=29428, stack(0x000000454a000000,0x000000454a100000)]
  0x00000149f423e530 JavaThread "Unconstrained build operations Thread 27" [_thread_blocked, id=28916, stack(0x000000454a100000,0x000000454a200000)]
  0x00000149f423da90 JavaThread "Unconstrained build operations Thread 28" [_thread_blocked, id=7424, stack(0x000000454a200000,0x000000454a300000)]
  0x00000149f423f520 JavaThread "Unconstrained build operations Thread 29" [_thread_blocked, id=28904, stack(0x000000454a300000,0x000000454a400000)]
  0x00000149f423a570 JavaThread "Unconstrained build operations Thread 30" [_thread_blocked, id=28096, stack(0x000000454a400000,0x000000454a500000)]
  0x00000149f423caa0 JavaThread "Unconstrained build operations Thread 31" [_thread_blocked, id=2080, stack(0x000000454a500000,0x000000454a600000)]
  0x00000149f423fa70 JavaThread "Unconstrained build operations Thread 32" [_thread_blocked, id=18160, stack(0x000000454a600000,0x000000454a700000)]
  0x00000149f423ffc0 JavaThread "Unconstrained build operations Thread 33" [_thread_blocked, id=4536, stack(0x000000454a700000,0x000000454a800000)]
  0x00000149f4241500 JavaThread "Unconstrained build operations Thread 34" [_thread_blocked, id=13396, stack(0x000000454a800000,0x000000454a900000)]
  0x00000149f423dfe0 JavaThread "Unconstrained build operations Thread 35" [_thread_blocked, id=22124, stack(0x000000454a900000,0x000000454aa00000)]
  0x00000149f423c550 JavaThread "Unconstrained build operations Thread 36" [_thread_blocked, id=17396, stack(0x000000454aa00000,0x000000454ab00000)]
  0x00000149f423c000 JavaThread "Unconstrained build operations Thread 37" [_thread_blocked, id=10820, stack(0x000000454ab00000,0x000000454ac00000)]
  0x00000149f4240510 JavaThread "Unconstrained build operations Thread 38" [_thread_blocked, id=26356, stack(0x000000454ac00000,0x000000454ad00000)]
  0x00000149f423aac0 JavaThread "Unconstrained build operations Thread 39" [_thread_blocked, id=24712, stack(0x000000454ad00000,0x000000454ae00000)]
  0x00000149f423b010 JavaThread "Memory manager" [_thread_blocked, id=2824, stack(0x0000004548c00000,0x0000004548d00000)]
  0x00000149f423cff0 JavaThread "build event listener" [_thread_blocked, id=2668, stack(0x000000454ae00000,0x000000454af00000)]

Other Threads:
  0x00000149e80f87a0 VMThread "VM Thread" [stack: 0x0000004545700000,0x0000004545800000] [id=11436]
  0x00000149eefbd830 WatcherThread "VM Periodic Task Thread" [stack: 0x0000004546200000,0x0000004546300000] [id=28640]
  0x00000149cbb3d030 WorkerThread "GC Thread#0" [stack: 0x0000004545200000,0x0000004545300000] [id=14964]
  0x00000149ef5675a0 WorkerThread "GC Thread#1" [stack: 0x0000004546300000,0x0000004546400000] [id=27636]
  0x00000149ef565f20 WorkerThread "GC Thread#2" [stack: 0x0000004546400000,0x0000004546500000] [id=13672]
  0x00000149ef566a60 WorkerThread "GC Thread#3" [stack: 0x0000004546500000,0x0000004546600000] [id=23928]
  0x00000149ef5661f0 WorkerThread "GC Thread#4" [stack: 0x0000004546600000,0x0000004546700000] [id=5560]
  0x00000149ef566d30 WorkerThread "GC Thread#5" [stack: 0x0000004546700000,0x0000004546800000] [id=14520]
  0x00000149f0d20fa0 WorkerThread "GC Thread#6" [stack: 0x0000004547500000,0x0000004547600000] [id=13912]
  0x00000149f0d1d490 WorkerThread "GC Thread#7" [stack: 0x0000004547600000,0x0000004547700000] [id=9836]
  0x00000149f0d1f920 WorkerThread "GC Thread#8" [stack: 0x0000004547700000,0x0000004547800000] [id=28448]
  0x00000149f0d20190 WorkerThread "GC Thread#9" [stack: 0x0000004547800000,0x0000004547900000] [id=9952]
  0x00000149cbb3e390 ConcurrentGCThread "G1 Main Marker" [stack: 0x0000004545300000,0x0000004545400000] [id=14328]
  0x00000149e7f827b0 WorkerThread "G1 Conc#0" [stack: 0x0000004545400000,0x0000004545500000] [id=27380]
  0x00000149f0d1eb10 WorkerThread "G1 Conc#1" [stack: 0x0000004547900000,0x0000004547a00000] [id=29532]
  0x00000149f0d1d760 WorkerThread "G1 Conc#2" [stack: 0x0000004547a00000,0x0000004547b00000] [id=28992]
  0x00000149cddfe810 ConcurrentGCThread "G1 Refine#0" [stack: 0x0000004545500000,0x0000004545600000] [id=14108]
  0x00000149e7fb6700 ConcurrentGCThread "G1 Service" [stack: 0x0000004545600000,0x0000004545700000] [id=18060]

Threads with active compile tasks:
C2 CompilerThread0    18159 7649       4       java.util.zip.ZipFile$Source::initCEN (612 bytes)
C1 CompilerThread0    18159 7683       3       org.gradle.api.internal.provider.ValueState::newState (12 bytes)

VM state: not at safepoint (normal execution)

VM Mutex/Monitor currently owned by a thread: None

Heap address: 0x0000000080000000, size: 2048 MB, Compressed Oops mode: 32-bit

CDS archive(s) mapped at: [0x0000000800000000-0x0000000800c60000-0x0000000800c60000), size 12976128, SharedBaseAddress: 0x0000000800000000, ArchiveRelocationMode: 0.
Compressed class space mapped at: 0x0000000801000000-0x000000081ac00000, reserved size: 432013312
Narrow klass base: 0x0000000800000000, Narrow klass shift: 0, Narrow klass range: 0x100000000

GC Precious Log:
 CardTable entry size: 512
 Card Set container configuration: InlinePtr #cards 5 size 8 Array Of Cards #cards 12 size 40 Howl #buckets 4 coarsen threshold 1843 Howl Bitmap #cards 512 size 80 coarsen threshold 460 Card regions per heap region 1 cards per card region 2048
 CPUs: 12 total, 12 available
 Memory: 7893M
 Large Page Support: Disabled
 NUMA Support: Disabled
 Compressed Oops: Enabled (32-bit)
 Heap Region Size: 1M
 Heap Min Capacity: 8M
 Heap Initial Capacity: 124M
 Heap Max Capacity: 2G
 Pre-touch: Disabled
 Parallel Workers: 10
 Concurrent Workers: 3
 Concurrent Refinement Workers: 10
 Periodic GC: Disabled

Heap:
 garbage-first heap   total 120832K, used 77639K [0x0000000080000000, 0x0000000100000000)
  region size 1024K, 18 young (18432K), 5 survivors (5120K)
 Metaspace       used 64352K, committed 66368K, reserved 487424K
  class space    used 9169K, committed 10176K, reserved 421888K

Heap Regions: E=young(eden), S=young(survivor), O=old, HS=humongous(starts), HC=humongous(continues), CS=collection set, F=free, OA=open archive, CA=closed archive, TAMS=top-at-mark-start, PB=parsable bottom
|   0|0x0000000080000000, 0x0000000080100000, 0x0000000080100000|100%| O|  |TAMS 0x0000000080000000| PB 0x0000000080000000| Untracked 
|   1|0x0000000080100000, 0x0000000080200000, 0x0000000080200000|100%| O|  |TAMS 0x0000000080100000| PB 0x0000000080100000| Untracked 
|   2|0x0000000080200000, 0x0000000080300000, 0x0000000080300000|100%|HS|  |TAMS 0x0000000080200000| PB 0x0000000080200000| Complete 
|   3|0x0000000080300000, 0x0000000080400000, 0x0000000080400000|100%|HC|  |TAMS 0x0000000080300000| PB 0x0000000080300000| Complete 
|   4|0x0000000080400000, 0x0000000080500000, 0x0000000080500000|100%|HC|  |TAMS 0x0000000080400000| PB 0x0000000080400000| Complete 
|   5|0x0000000080500000, 0x0000000080600000, 0x0000000080600000|100%|HC|  |TAMS 0x0000000080500000| PB 0x0000000080500000| Complete 
|   6|0x0000000080600000, 0x0000000080700000, 0x0000000080700000|100%| O|  |TAMS 0x0000000080600000| PB 0x0000000080600000| Untracked 
|   7|0x0000000080700000, 0x0000000080800000, 0x0000000080800000|100%|HS|  |TAMS 0x0000000080700000| PB 0x0000000080700000| Complete 
|   8|0x0000000080800000, 0x0000000080900000, 0x0000000080900000|100%| O|  |TAMS 0x0000000080800000| PB 0x0000000080800000| Untracked 
|   9|0x0000000080900000, 0x0000000080a00000, 0x0000000080a00000|100%| O|  |TAMS 0x0000000080900000| PB 0x0000000080900000| Untracked 
|  10|0x0000000080a00000, 0x0000000080b00000, 0x0000000080b00000|100%| O|  |TAMS 0x0000000080a00000| PB 0x0000000080a00000| Untracked 
|  11|0x0000000080b00000, 0x0000000080c00000, 0x0000000080c00000|100%| O|  |TAMS 0x0000000080b00000| PB 0x0000000080b00000| Untracked 
|  12|0x0000000080c00000, 0x0000000080d00000, 0x0000000080d00000|100%| O|  |TAMS 0x0000000080c00000| PB 0x0000000080c00000| Untracked 
|  13|0x0000000080d00000, 0x0000000080e00000, 0x0000000080e00000|100%| O|  |TAMS 0x0000000080d00000| PB 0x0000000080d00000| Untracked 
|  14|0x0000000080e00000, 0x0000000080f00000, 0x0000000080f00000|100%| O|  |TAMS 0x0000000080e00000| PB 0x0000000080e00000| Untracked 
|  15|0x0000000080f00000, 0x0000000081000000, 0x0000000081000000|100%| O|  |TAMS 0x0000000080f00000| PB 0x0000000080f00000| Untracked 
|  16|0x0000000081000000, 0x0000000081100000, 0x0000000081100000|100%| O|  |TAMS 0x0000000081000000| PB 0x0000000081000000| Untracked 
|  17|0x0000000081100000, 0x0000000081200000, 0x0000000081200000|100%| O|  |TAMS 0x0000000081100000| PB 0x0000000081100000| Untracked 
|  18|0x0000000081200000, 0x0000000081300000, 0x0000000081300000|100%| O|  |TAMS 0x0000000081200000| PB 0x0000000081200000| Untracked 
|  19|0x0000000081300000, 0x0000000081400000, 0x0000000081400000|100%| O|  |TAMS 0x0000000081300000| PB 0x0000000081300000| Untracked 
|  20|0x0000000081400000, 0x0000000081500000, 0x0000000081500000|100%| O|  |TAMS 0x0000000081400000| PB 0x0000000081400000| Untracked 
|  21|0x0000000081500000, 0x0000000081600000, 0x0000000081600000|100%| O|  |TAMS 0x0000000081500000| PB 0x0000000081500000| Untracked 
|  22|0x0000000081600000, 0x0000000081700000, 0x0000000081700000|100%| O|  |TAMS 0x0000000081600000| PB 0x0000000081600000| Untracked 
|  23|0x0000000081700000, 0x0000000081800000, 0x0000000081800000|100%| O|  |TAMS 0x0000000081700000| PB 0x0000000081700000| Untracked 
|  24|0x0000000081800000, 0x0000000081900000, 0x0000000081900000|100%| O|  |TAMS 0x0000000081800000| PB 0x0000000081800000| Untracked 
|  25|0x0000000081900000, 0x0000000081a00000, 0x0000000081a00000|100%| O|  |TAMS 0x0000000081900000| PB 0x0000000081900000| Untracked 
|  26|0x0000000081a00000, 0x0000000081b00000, 0x0000000081b00000|100%| O|  |TAMS 0x0000000081a00000| PB 0x0000000081a00000| Untracked 
|  27|0x0000000081b00000, 0x0000000081c00000, 0x0000000081c00000|100%| O|  |TAMS 0x0000000081b00000| PB 0x0000000081b00000| Untracked 
|  28|0x0000000081c00000, 0x0000000081d00000, 0x0000000081d00000|100%| O|  |TAMS 0x0000000081c00000| PB 0x0000000081c00000| Untracked 
|  29|0x0000000081d00000, 0x0000000081e00000, 0x0000000081e00000|100%| O|  |TAMS 0x0000000081d00000| PB 0x0000000081d00000| Untracked 
|  30|0x0000000081e00000, 0x0000000081f00000, 0x0000000081f00000|100%| O|  |TAMS 0x0000000081e00000| PB 0x0000000081e00000| Untracked 
|  31|0x0000000081f00000, 0x0000000082000000, 0x0000000082000000|100%| O|  |TAMS 0x0000000081f00000| PB 0x0000000081f00000| Untracked 
|  32|0x0000000082000000, 0x0000000082100000, 0x0000000082100000|100%| O|  |TAMS 0x0000000082000000| PB 0x0000000082000000| Untracked 
|  33|0x0000000082100000, 0x0000000082200000, 0x0000000082200000|100%| O|  |TAMS 0x0000000082100000| PB 0x0000000082100000| Untracked 
|  34|0x0000000082200000, 0x0000000082300000, 0x0000000082300000|100%| O|  |TAMS 0x0000000082200000| PB 0x0000000082200000| Untracked 
|  35|0x0000000082300000, 0x0000000082400000, 0x0000000082400000|100%| O|  |TAMS 0x0000000082300000| PB 0x0000000082300000| Complete 
|  36|0x0000000082400000, 0x0000000082500000, 0x0000000082500000|100%| O|  |TAMS 0x0000000082400000| PB 0x0000000082400000| Untracked 
|  37|0x0000000082500000, 0x0000000082600000, 0x0000000082600000|100%| O|  |TAMS 0x0000000082500000| PB 0x0000000082500000| Untracked 
|  38|0x0000000082600000, 0x0000000082700000, 0x0000000082700000|100%| O|  |TAMS 0x0000000082600000| PB 0x0000000082600000| Untracked 
|  39|0x0000000082700000, 0x0000000082800000, 0x0000000082800000|100%| O|  |TAMS 0x0000000082700000| PB 0x0000000082700000| Untracked 
|  40|0x0000000082800000, 0x0000000082900000, 0x0000000082900000|100%| O|  |TAMS 0x0000000082800000| PB 0x0000000082800000| Untracked 
|  41|0x0000000082900000, 0x0000000082a00000, 0x0000000082a00000|100%| O|  |TAMS 0x0000000082900000| PB 0x0000000082900000| Untracked 
|  42|0x0000000082a00000, 0x0000000082b00000, 0x0000000082b00000|100%| O|  |TAMS 0x0000000082a00000| PB 0x0000000082a00000| Untracked 
|  43|0x0000000082b00000, 0x0000000082c00000, 0x0000000082c00000|100%| O|  |TAMS 0x0000000082b00000| PB 0x0000000082b00000| Untracked 
|  44|0x0000000082c00000, 0x0000000082d00000, 0x0000000082d00000|100%| O|  |TAMS 0x0000000082c00000| PB 0x0000000082c00000| Untracked 
|  45|0x0000000082d00000, 0x0000000082e00000, 0x0000000082e00000|100%| O|  |TAMS 0x0000000082d00000| PB 0x0000000082d00000| Untracked 
|  46|0x0000000082e00000, 0x0000000082f00000, 0x0000000082f00000|100%| O|  |TAMS 0x0000000082e00000| PB 0x0000000082e00000| Untracked 
|  47|0x0000000082f00000, 0x0000000083000000, 0x0000000083000000|100%|HS|  |TAMS 0x0000000082f00000| PB 0x0000000082f00000| Complete 
|  48|0x0000000083000000, 0x0000000083100000, 0x0000000083100000|100%|HC|  |TAMS 0x0000000083000000| PB 0x0000000083000000| Complete 
|  49|0x0000000083100000, 0x0000000083200000, 0x0000000083200000|100%|HS|  |TAMS 0x0000000083100000| PB 0x0000000083100000| Complete 
|  50|0x0000000083200000, 0x0000000083300000, 0x0000000083300000|100%|HC|  |TAMS 0x0000000083200000| PB 0x0000000083200000| Complete 
|  51|0x0000000083300000, 0x0000000083400000, 0x0000000083400000|100%|HS|  |TAMS 0x0000000083300000| PB 0x0000000083300000| Complete 
|  52|0x0000000083400000, 0x0000000083500000, 0x0000000083500000|100%|HC|  |TAMS 0x0000000083400000| PB 0x0000000083400000| Complete 
|  53|0x0000000083500000, 0x0000000083600000, 0x0000000083600000|100%|HC|  |TAMS 0x0000000083500000| PB 0x0000000083500000| Complete 
|  54|0x0000000083600000, 0x0000000083700000, 0x0000000083700000|100%|HC|  |TAMS 0x0000000083600000| PB 0x0000000083600000| Complete 
|  55|0x0000000083700000, 0x0000000083730400, 0x0000000083800000| 18%| O|  |TAMS 0x0000000083700000| PB 0x0000000083700000| Untracked 
|  56|0x0000000083800000, 0x0000000083900000, 0x0000000083900000|100%|HS|  |TAMS 0x0000000083800000| PB 0x0000000083800000| Complete 
|  57|0x0000000083900000, 0x0000000083a00000, 0x0000000083a00000|100%|HC|  |TAMS 0x0000000083900000| PB 0x0000000083900000| Complete 
|  58|0x0000000083a00000, 0x0000000083b00000, 0x0000000083b00000|100%|HC|  |TAMS 0x0000000083a00000| PB 0x0000000083a00000| Complete 
|  59|0x0000000083b00000, 0x0000000083c00000, 0x0000000083c00000|100%|HC|  |TAMS 0x0000000083b00000| PB 0x0000000083b00000| Complete 
|  60|0x0000000083c00000, 0x0000000083c00000, 0x0000000083d00000|  0%| F|  |TAMS 0x0000000083c00000| PB 0x0000000083c00000| Untracked 
|  61|0x0000000083d00000, 0x0000000083d00000, 0x0000000083e00000|  0%| F|  |TAMS 0x0000000083d00000| PB 0x0000000083d00000| Untracked 
|  62|0x0000000083e00000, 0x0000000083e00000, 0x0000000083f00000|  0%| F|  |TAMS 0x0000000083e00000| PB 0x0000000083e00000| Untracked 
|  63|0x0000000083f00000, 0x0000000083f00000, 0x0000000084000000|  0%| F|  |TAMS 0x0000000083f00000| PB 0x0000000083f00000| Untracked 
|  64|0x0000000084000000, 0x0000000084000000, 0x0000000084100000|  0%| F|  |TAMS 0x0000000084000000| PB 0x0000000084000000| Untracked 
|  65|0x0000000084100000, 0x0000000084100000, 0x0000000084200000|  0%| F|  |TAMS 0x0000000084100000| PB 0x0000000084100000| Untracked 
|  66|0x0000000084200000, 0x0000000084200000, 0x0000000084300000|  0%| F|  |TAMS 0x0000000084200000| PB 0x0000000084200000| Untracked 
|  67|0x0000000084300000, 0x0000000084300000, 0x0000000084400000|  0%| F|  |TAMS 0x0000000084300000| PB 0x0000000084300000| Untracked 
|  68|0x0000000084400000, 0x0000000084400000, 0x0000000084500000|  0%| F|  |TAMS 0x0000000084400000| PB 0x0000000084400000| Untracked 
|  69|0x0000000084500000, 0x0000000084500000, 0x0000000084600000|  0%| F|  |TAMS 0x0000000084500000| PB 0x0000000084500000| Untracked 
|  70|0x0000000084600000, 0x0000000084600000, 0x0000000084700000|  0%| F|  |TAMS 0x0000000084600000| PB 0x0000000084600000| Untracked 
|  71|0x0000000084700000, 0x0000000084700000, 0x0000000084800000|  0%| F|  |TAMS 0x0000000084700000| PB 0x0000000084700000| Untracked 
|  72|0x0000000084800000, 0x0000000084800000, 0x0000000084900000|  0%| F|  |TAMS 0x0000000084800000| PB 0x0000000084800000| Untracked 
|  73|0x0000000084900000, 0x0000000084900000, 0x0000000084a00000|  0%| F|  |TAMS 0x0000000084900000| PB 0x0000000084900000| Untracked 
|  74|0x0000000084a00000, 0x0000000084a00000, 0x0000000084b00000|  0%| F|  |TAMS 0x0000000084a00000| PB 0x0000000084a00000| Untracked 
|  75|0x0000000084b00000, 0x0000000084b00000, 0x0000000084c00000|  0%| F|  |TAMS 0x0000000084b00000| PB 0x0000000084b00000| Untracked 
|  76|0x0000000084c00000, 0x0000000084c00000, 0x0000000084d00000|  0%| F|  |TAMS 0x0000000084c00000| PB 0x0000000084c00000| Untracked 
|  77|0x0000000084d00000, 0x0000000084d00000, 0x0000000084e00000|  0%| F|  |TAMS 0x0000000084d00000| PB 0x0000000084d00000| Untracked 
|  78|0x0000000084e00000, 0x0000000084e00000, 0x0000000084f00000|  0%| F|  |TAMS 0x0000000084e00000| PB 0x0000000084e00000| Untracked 
|  79|0x0000000084f00000, 0x0000000084f00000, 0x0000000085000000|  0%| F|  |TAMS 0x0000000084f00000| PB 0x0000000084f00000| Untracked 
|  80|0x0000000085000000, 0x0000000085000000, 0x0000000085100000|  0%| F|  |TAMS 0x0000000085000000| PB 0x0000000085000000| Untracked 
|  81|0x0000000085100000, 0x0000000085100000, 0x0000000085200000|  0%| F|  |TAMS 0x0000000085100000| PB 0x0000000085100000| Untracked 
|  82|0x0000000085200000, 0x0000000085200000, 0x0000000085300000|  0%| F|  |TAMS 0x0000000085200000| PB 0x0000000085200000| Untracked 
|  83|0x0000000085300000, 0x0000000085300000, 0x0000000085400000|  0%| F|  |TAMS 0x0000000085300000| PB 0x0000000085300000| Untracked 
|  84|0x0000000085400000, 0x0000000085400000, 0x0000000085500000|  0%| F|  |TAMS 0x0000000085400000| PB 0x0000000085400000| Untracked 
|  85|0x0000000085500000, 0x0000000085500000, 0x0000000085600000|  0%| F|  |TAMS 0x0000000085500000| PB 0x0000000085500000| Untracked 
|  86|0x0000000085600000, 0x0000000085600000, 0x0000000085700000|  0%| F|  |TAMS 0x0000000085600000| PB 0x0000000085600000| Untracked 
|  87|0x0000000085700000, 0x0000000085700000, 0x0000000085800000|  0%| F|  |TAMS 0x0000000085700000| PB 0x0000000085700000| Untracked 
|  88|0x0000000085800000, 0x0000000085800000, 0x0000000085900000|  0%| F|  |TAMS 0x0000000085800000| PB 0x0000000085800000| Untracked 
|  89|0x0000000085900000, 0x0000000085900000, 0x0000000085a00000|  0%| F|  |TAMS 0x0000000085900000| PB 0x0000000085900000| Untracked 
|  90|0x0000000085a00000, 0x0000000085a00000, 0x0000000085b00000|  0%| F|  |TAMS 0x0000000085a00000| PB 0x0000000085a00000| Untracked 
|  91|0x0000000085b00000, 0x0000000085b00000, 0x0000000085c00000|  0%| F|  |TAMS 0x0000000085b00000| PB 0x0000000085b00000| Untracked 
|  92|0x0000000085c00000, 0x0000000085c00000, 0x0000000085d00000|  0%| F|  |TAMS 0x0000000085c00000| PB 0x0000000085c00000| Untracked 
|  93|0x0000000085d00000, 0x0000000085d00000, 0x0000000085e00000|  0%| F|  |TAMS 0x0000000085d00000| PB 0x0000000085d00000| Untracked 
|  94|0x0000000085e00000, 0x0000000085e00000, 0x0000000085f00000|  0%| F|  |TAMS 0x0000000085e00000| PB 0x0000000085e00000| Untracked 
|  95|0x0000000085f00000, 0x0000000085f00000, 0x0000000086000000|  0%| F|  |TAMS 0x0000000085f00000| PB 0x0000000085f00000| Untracked 
|  96|0x0000000086000000, 0x0000000086000000, 0x0000000086100000|  0%| F|  |TAMS 0x0000000086000000| PB 0x0000000086000000| Untracked 
|  97|0x0000000086100000, 0x0000000086100000, 0x0000000086200000|  0%| F|  |TAMS 0x0000000086100000| PB 0x0000000086100000| Untracked 
|  98|0x0000000086200000, 0x0000000086200000, 0x0000000086300000|  0%| F|  |TAMS 0x0000000086200000| PB 0x0000000086200000| Untracked 
|  99|0x0000000086300000, 0x0000000086300000, 0x0000000086400000|  0%| F|  |TAMS 0x0000000086300000| PB 0x0000000086300000| Untracked 
| 100|0x0000000086400000, 0x0000000086480800, 0x0000000086500000| 50%| E|  |TAMS 0x0000000086400000| PB 0x0000000086400000| Complete 
| 101|0x0000000086500000, 0x0000000086600000, 0x0000000086600000|100%| E|CS|TAMS 0x0000000086500000| PB 0x0000000086500000| Complete 
| 102|0x0000000086600000, 0x0000000086700000, 0x0000000086700000|100%| E|CS|TAMS 0x0000000086600000| PB 0x0000000086600000| Complete 
| 103|0x0000000086700000, 0x0000000086800000, 0x0000000086800000|100%| E|CS|TAMS 0x0000000086700000| PB 0x0000000086700000| Complete 
| 104|0x0000000086800000, 0x0000000086900000, 0x0000000086900000|100%| E|CS|TAMS 0x0000000086800000| PB 0x0000000086800000| Complete 
| 105|0x0000000086900000, 0x0000000086a00000, 0x0000000086a00000|100%| E|CS|TAMS 0x0000000086900000| PB 0x0000000086900000| Complete 
| 106|0x0000000086a00000, 0x0000000086b00000, 0x0000000086b00000|100%| E|CS|TAMS 0x0000000086a00000| PB 0x0000000086a00000| Complete 
| 107|0x0000000086b00000, 0x0000000086c00000, 0x0000000086c00000|100%| E|CS|TAMS 0x0000000086b00000| PB 0x0000000086b00000| Complete 
| 108|0x0000000086c00000, 0x0000000086d00000, 0x0000000086d00000|100%| E|CS|TAMS 0x0000000086c00000| PB 0x0000000086c00000| Complete 
| 109|0x0000000086d00000, 0x0000000086e00000, 0x0000000086e00000|100%| E|CS|TAMS 0x0000000086d00000| PB 0x0000000086d00000| Complete 
| 110|0x0000000086e00000, 0x0000000086f00000, 0x0000000086f00000|100%| E|CS|TAMS 0x0000000086e00000| PB 0x0000000086e00000| Complete 
| 111|0x0000000086f00000, 0x0000000087000000, 0x0000000087000000|100%| E|CS|TAMS 0x0000000086f00000| PB 0x0000000086f00000| Complete 
| 112|0x0000000087000000, 0x0000000087100000, 0x0000000087100000|100%| S|CS|TAMS 0x0000000087000000| PB 0x0000000087000000| Complete 
| 113|0x0000000087100000, 0x0000000087200000, 0x0000000087200000|100%| S|CS|TAMS 0x0000000087100000| PB 0x0000000087100000| Complete 
| 114|0x0000000087200000, 0x0000000087300000, 0x0000000087300000|100%| S|CS|TAMS 0x0000000087200000| PB 0x0000000087200000| Complete 
| 115|0x0000000087300000, 0x0000000087400000, 0x0000000087400000|100%| S|CS|TAMS 0x0000000087300000| PB 0x0000000087300000| Complete 
| 116|0x0000000087400000, 0x00000000874a1810, 0x0000000087500000| 63%| S|CS|TAMS 0x0000000087400000| PB 0x0000000087400000| Complete 
| 123|0x0000000087b00000, 0x0000000087c00000, 0x0000000087c00000|100%| E|CS|TAMS 0x0000000087b00000| PB 0x0000000087b00000| Complete 

Card table byte_map: [0x00000149e5740000,0x00000149e5b40000] _byte_map_base: 0x00000149e5340000

Marking Bits: (CMBitMap*) 0x00000149cbb3d660
 Bits: [0x00000149e5f40000, 0x00000149e7f40000)

Polling page: 0x00000149cbcb0000

Metaspace:

Usage:
  Non-class:     53.90 MB used.
      Class:      8.96 MB used.
       Both:     62.85 MB used.

Virtual space:
  Non-class space:       64.00 MB reserved,      54.88 MB ( 86%) committed,  1 nodes.
      Class space:      412.00 MB reserved,       9.94 MB (  2%) committed,  1 nodes.
             Both:      476.00 MB reserved,      64.81 MB ( 14%) committed. 

Chunk freelists:
   Non-Class:  334.00 KB
       Class:  2.07 MB
        Both:  2.40 MB

MaxMetaspaceSize: 512.00 MB
CompressedClassSpaceSize: 412.00 MB
Initial GC threshold: 21.00 MB
Current GC threshold: 98.88 MB
CDS: on
MetaspaceReclaimPolicy: balanced
 - commit_granule_bytes: 65536.
 - commit_granule_words: 8192.
 - virtual_space_node_default_size: 8388608.
 - enlarge_chunks_in_place: 1.
 - new_chunks_are_fully_committed: 0.
 - uncommit_free_chunks: 1.
 - use_allocation_guard: 0.


Internal statistics:

num_allocs_failed_limit: 14.
num_arena_births: 3588.
num_arena_deaths: 0.
num_vsnodes_births: 2.
num_vsnodes_deaths: 0.
num_space_committed: 1037.
num_space_uncommitted: 0.
num_chunks_returned_to_freelist: 14.
num_chunks_taken_from_freelist: 6563.
num_chunk_merges: 14.
num_chunk_splits: 4293.
num_chunks_enlarged: 2661.
num_inconsistent_stats: 0.

CodeHeap 'non-profiled nmethods': size=120000Kb used=3548Kb max_used=3548Kb free=116451Kb
 bounds [0x00000149dd8c0000, 0x00000149ddc40000, 0x00000149e4df0000]
CodeHeap 'profiled nmethods': size=120000Kb used=12976Kb max_used=12976Kb free=107023Kb
 bounds [0x00000149d5df0000, 0x00000149d6aa0000, 0x00000149dd320000]
CodeHeap 'non-nmethods': size=5760Kb used=3067Kb max_used=3082Kb free=2693Kb
 bounds [0x00000149dd320000, 0x00000149dd630000, 0x00000149dd8c0000]
 total_blobs=7914 nmethods=7004 adapters=820
 compilation: enabled
              stopped_count=0, restarted_count=0
 full_count=0

Compilation events (20 events):
Event: 18.056 Thread 0x00000149e81300c0 nmethod 7641 0x00000149ddc35710 code [0x00000149ddc35880, 0x00000149ddc35930]
Event: 18.056 Thread 0x00000149e81300c0 7645       1       kotlin.reflect.jvm.internal.impl.metadata.ProtoBuf$Class::getFqName (5 bytes)
Event: 18.056 Thread 0x00000149e81300c0 nmethod 7645 0x00000149ddc35a10 code [0x00000149ddc35b80, 0x00000149ddc35c48]
Event: 18.069 Thread 0x00000149e81300c0 7646       3       sun.reflect.annotation.AnnotationParser::parseConst (209 bytes)
Event: 18.072 Thread 0x00000149e81300c0 nmethod 7646 0x00000149d6a7ef90 code [0x00000149d6a7f3c0, 0x00000149d6a80dc0]
Event: 18.079 Thread 0x00000149e81300c0 7647       3       jdk.internal.loader.URLClassPath::findResource (38 bytes)
Event: 18.079 Thread 0x00000149e81300c0 nmethod 7647 0x00000149d6a81790 code [0x00000149d6a81940, 0x00000149d6a81c88]
Event: 18.084 Thread 0x00000149e81300c0 7648       3       sun.net.util.IPAddressUtil::checkExternalForm (98 bytes)
Event: 18.084 Thread 0x00000149e81300c0 nmethod 7648 0x00000149d6a81e10 code [0x00000149d6a81fe0, 0x00000149d6a82328]
Event: 18.086 Thread 0x00000149e8127b20 7649       4       java.util.zip.ZipFile$Source::initCEN (612 bytes)
Event: 18.095 Thread 0x00000149e81300c0 7650       1       org.gradle.internal.code.DefaultUserCodeApplicationContext$CurrentApplication::getId (5 bytes)
Event: 18.095 Thread 0x00000149e81300c0 nmethod 7650 0x00000149ddc35d10 code [0x00000149ddc35e80, 0x00000149ddc35f48]
Event: 18.111 Thread 0x00000149e81300c0 7651       3       jdk.internal.loader.BuiltinClassLoader::hasClassPath (13 bytes)
Event: 18.111 Thread 0x00000149e81300c0 nmethod 7651 0x00000149d6a82490 code [0x00000149d6a82620, 0x00000149d6a82790]
Event: 18.111 Thread 0x00000149e81300c0 7652       3       java.security.AccessController::doPrivileged (17 bytes)
Event: 18.111 Thread 0x00000149e81300c0 nmethod 7652 0x00000149d6a82810 code [0x00000149d6a829e0, 0x00000149d6a82da0]
Event: 18.111 Thread 0x00000149e81300c0 7653       3       jdk.internal.loader.ClassLoaders::bootLoader (4 bytes)
Event: 18.112 Thread 0x00000149e81300c0 nmethod 7653 0x00000149d6a82f90 code [0x00000149d6a83120, 0x00000149d6a83218]
Event: 18.112 Thread 0x00000149e81300c0 7654       3       java.lang.ClassLoader::getResource (41 bytes)
Event: 18.112 Thread 0x00000149e81300c0 nmethod 7654 0x00000149d6a83290 code [0x00000149d6a83480, 0x00000149d6a83a78]

GC Heap History (20 events):
Event: 3.447 GC heap before
{Heap before GC invocations=4 (full 0):
 garbage-first heap   total 126976K, used 43417K [0x0000000080000000, 0x0000000100000000)
  region size 1024K, 30 young (30720K), 10 survivors (10240K)
 Metaspace       used 20837K, committed 21504K, reserved 487424K
  class space    used 2981K, committed 3264K, reserved 421888K
}
Event: 3.453 GC heap after
{Heap after GC invocations=5 (full 0):
 garbage-first heap   total 126976K, used 26002K [0x0000000080000000, 0x0000000100000000)
  region size 1024K, 3 young (3072K), 3 survivors (3072K)
 Metaspace       used 20837K, committed 21504K, reserved 487424K
  class space    used 2981K, committed 3264K, reserved 421888K
}
Event: 4.262 GC heap before
{Heap before GC invocations=6 (full 0):
 garbage-first heap   total 96256K, used 80274K [0x0000000080000000, 0x0000000100000000)
  region size 1024K, 56 young (57344K), 3 survivors (3072K)
 Metaspace       used 27485K, committed 28672K, reserved 487424K
  class space    used 4090K, committed 4672K, reserved 421888K
}
Event: 4.265 GC heap after
{Heap after GC invocations=7 (full 0):
 garbage-first heap   total 115712K, used 28372K [0x0000000080000000, 0x0000000100000000)
  region size 1024K, 5 young (5120K), 5 survivors (5120K)
 Metaspace       used 27485K, committed 28672K, reserved 487424K
  class space    used 4090K, committed 4672K, reserved 421888K
}
Event: 5.055 GC heap before
{Heap before GC invocations=7 (full 0):
 garbage-first heap   total 115712K, used 80596K [0x0000000080000000, 0x0000000100000000)
  region size 1024K, 58 young (59392K), 5 survivors (5120K)
 Metaspace       used 34742K, committed 35968K, reserved 487424K
  class space    used 4921K, committed 5568K, reserved 421888K
}
Event: 5.061 GC heap after
{Heap after GC invocations=8 (full 0):
 garbage-first heap   total 115712K, used 33295K [0x0000000080000000, 0x0000000100000000)
  region size 1024K, 9 young (9216K), 9 survivors (9216K)
 Metaspace       used 34742K, committed 35968K, reserved 487424K
  class space    used 4921K, committed 5568K, reserved 421888K
}
Event: 5.122 GC heap before
{Heap before GC invocations=8 (full 0):
 garbage-first heap   total 115712K, used 35343K [0x0000000080000000, 0x0000000100000000)
  region size 1024K, 12 young (12288K), 9 survivors (9216K)
 Metaspace       used 35052K, committed 36288K, reserved 487424K
  class space    used 4964K, committed 5632K, reserved 421888K
}
Event: 5.127 GC heap after
{Heap after GC invocations=9 (full 0):
 garbage-first heap   total 115712K, used 33691K [0x0000000080000000, 0x0000000100000000)
  region size 1024K, 6 young (6144K), 6 survivors (6144K)
 Metaspace       used 35052K, committed 36288K, reserved 487424K
  class space    used 4964K, committed 5632K, reserved 421888K
}
Event: 6.323 GC heap before
{Heap before GC invocations=10 (full 0):
 garbage-first heap   total 115712K, used 100251K [0x0000000080000000, 0x0000000100000000)
  region size 1024K, 67 young (68608K), 6 survivors (6144K)
 Metaspace       used 39935K, committed 41408K, reserved 487424K
  class space    used 5635K, committed 6400K, reserved 421888K
}
Event: 6.327 GC heap after
{Heap after GC invocations=11 (full 0):
 garbage-first heap   total 115712K, used 37298K [0x0000000080000000, 0x0000000100000000)
  region size 1024K, 9 young (9216K), 9 survivors (9216K)
 Metaspace       used 39935K, committed 41408K, reserved 487424K
  class space    used 5635K, committed 6400K, reserved 421888K
}
Event: 9.562 GC heap before
{Heap before GC invocations=11 (full 0):
 garbage-first heap   total 115712K, used 97714K [0x0000000080000000, 0x0000000100000000)
  region size 1024K, 67 young (68608K), 9 survivors (9216K)
 Metaspace       used 46839K, committed 48448K, reserved 487424K
  class space    used 6628K, committed 7424K, reserved 421888K
}
Event: 9.569 GC heap after
{Heap after GC invocations=12 (full 0):
 garbage-first heap   total 115712K, used 40336K [0x0000000080000000, 0x0000000100000000)
  region size 1024K, 8 young (8192K), 8 survivors (8192K)
 Metaspace       used 46839K, committed 48448K, reserved 487424K
  class space    used 6628K, committed 7424K, reserved 421888K
}
Event: 13.364 GC heap before
{Heap before GC invocations=12 (full 0):
 garbage-first heap   total 115712K, used 99728K [0x0000000080000000, 0x0000000100000000)
  region size 1024K, 66 young (67584K), 8 survivors (8192K)
 Metaspace       used 54105K, committed 55936K, reserved 487424K
  class space    used 7712K, committed 8640K, reserved 421888K
}
Event: 13.372 GC heap after
{Heap after GC invocations=13 (full 0):
 garbage-first heap   total 115712K, used 42870K [0x0000000080000000, 0x0000000100000000)
  region size 1024K, 6 young (6144K), 6 survivors (6144K)
 Metaspace       used 54105K, committed 55936K, reserved 487424K
  class space    used 7712K, committed 8640K, reserved 421888K
}
Event: 14.730 GC heap before
{Heap before GC invocations=13 (full 0):
 garbage-first heap   total 115712K, used 102262K [0x0000000080000000, 0x0000000100000000)
  region size 1024K, 64 young (65536K), 6 survivors (6144K)
 Metaspace       used 58124K, committed 60032K, reserved 487424K
  class space    used 8280K, committed 9280K, reserved 421888K
}
Event: 14.737 GC heap after
{Heap after GC invocations=14 (full 0):
 garbage-first heap   total 115712K, used 48276K [0x0000000080000000, 0x0000000100000000)
  region size 1024K, 8 young (8192K), 8 survivors (8192K)
 Metaspace       used 58124K, committed 60032K, reserved 487424K
  class space    used 8280K, committed 9280K, reserved 421888K
}
Event: 14.861 GC heap before
{Heap before GC invocations=14 (full 0):
 garbage-first heap   total 115712K, used 54420K [0x0000000080000000, 0x0000000100000000)
  region size 1024K, 15 young (15360K), 8 survivors (8192K)
 Metaspace       used 58700K, committed 60608K, reserved 487424K
  class space    used 8378K, committed 9344K, reserved 421888K
}
Event: 14.866 GC heap after
{Heap after GC invocations=15 (full 0):
 garbage-first heap   total 115712K, used 49491K [0x0000000080000000, 0x0000000100000000)
  region size 1024K, 2 young (2048K), 2 survivors (2048K)
 Metaspace       used 58700K, committed 60608K, reserved 487424K
  class space    used 8378K, committed 9344K, reserved 421888K
}
Event: 18.004 GC heap before
{Heap before GC invocations=16 (full 0):
 garbage-first heap   total 115712K, used 114003K [0x0000000080000000, 0x0000000100000000)
  region size 1024K, 53 young (54272K), 2 survivors (2048K)
 Metaspace       used 63425K, committed 65472K, reserved 487424K
  class space    used 9041K, committed 10048K, reserved 421888K
}
Event: 18.007 GC heap after
{Heap after GC invocations=17 (full 0):
 garbage-first heap   total 120832K, used 65351K [0x0000000080000000, 0x0000000100000000)
  region size 1024K, 5 young (5120K), 5 survivors (5120K)
 Metaspace       used 63425K, committed 65472K, reserved 487424K
  class space    used 9041K, committed 10048K, reserved 421888K
}

Dll operation events (15 events):
Event: 0.014 Loaded shared library C:\Program Files\Java\jdk-20\bin\java.dll
Event: 0.029 Loaded shared library C:\Program Files\Java\jdk-20\bin\jsvml.dll
Event: 0.072 Loaded shared library C:\Program Files\Java\jdk-20\bin\zip.dll
Event: 0.075 Loaded shared library C:\Program Files\Java\jdk-20\bin\instrument.dll
Event: 0.079 Loaded shared library C:\Program Files\Java\jdk-20\bin\net.dll
Event: 0.081 Loaded shared library C:\Program Files\Java\jdk-20\bin\nio.dll
Event: 0.083 Loaded shared library C:\Program Files\Java\jdk-20\bin\zip.dll
Event: 0.244 Loaded shared library C:\Program Files\Java\jdk-20\bin\jimage.dll
Event: 0.338 Loaded shared library C:\Program Files\Java\jdk-20\bin\verify.dll
Event: 0.430 Loaded shared library C:\Users\Mohan Raj\.gradle\native\c067742578af261105cb4f569cf0c3c89f3d7b1fecec35dd04571415982c5e48\windows-amd64\native-platform.dll
Event: 0.445 Loaded shared library C:\Users\Mohan Raj\.gradle\native\100fb08df4bc3b14c8652ba06237920a3bd2aa13389f12d3474272988ae205f9\windows-amd64\native-platform-file-events.dll
Event: 1.438 Loaded shared library C:\Program Files\Java\jdk-20\bin\management.dll
Event: 1.442 Loaded shared library C:\Program Files\Java\jdk-20\bin\management_ext.dll
Event: 1.695 Loaded shared library C:\Program Files\Java\jdk-20\bin\extnet.dll
Event: 1.963 Loaded shared library C:\Program Files\Java\jdk-20\bin\sunmscapi.dll

Deoptimization events (20 events):
Event: 17.956 Thread 0x00000149ef9659b0 DEOPT PACKING pc=0x00000149ddaa88a4 sp=0x0000004546ef4a80
Event: 17.956 Thread 0x00000149ef9659b0 DEOPT UNPACKING pc=0x00000149dd33d2a2 sp=0x0000004546ef4990 mode 2
Event: 18.024 Thread 0x00000149ef9659b0 Uncommon trap: trap_request=0xffffffde fr.pc=0x00000149ddc31220 relative=0x0000000000000460
Event: 18.024 Thread 0x00000149ef9659b0 Uncommon trap: reason=class_check action=maybe_recompile pc=0x00000149ddc31220 method=kotlin.reflect.jvm.internal.impl.protobuf.CodedInputStream.tryRefillBuffer(I)Z @ 175 c2
Event: 18.024 Thread 0x00000149ef9659b0 DEOPT PACKING pc=0x00000149ddc31220 sp=0x0000004546ef4a70
Event: 18.024 Thread 0x00000149ef9659b0 DEOPT UNPACKING pc=0x00000149dd33d2a2 sp=0x0000004546ef4958 mode 2
Event: 18.026 Thread 0x00000149ef9659b0 Uncommon trap: trap_request=0xffffffde fr.pc=0x00000149ddc31220 relative=0x0000000000000460
Event: 18.026 Thread 0x00000149ef9659b0 Uncommon trap: reason=class_check action=maybe_recompile pc=0x00000149ddc31220 method=kotlin.reflect.jvm.internal.impl.protobuf.CodedInputStream.tryRefillBuffer(I)Z @ 175 c2
Event: 18.026 Thread 0x00000149ef9659b0 DEOPT PACKING pc=0x00000149ddc31220 sp=0x0000004546ef4a70
Event: 18.026 Thread 0x00000149ef9659b0 DEOPT UNPACKING pc=0x00000149dd33d2a2 sp=0x0000004546ef4958 mode 2
Event: 18.026 Thread 0x00000149ef9659b0 Uncommon trap: trap_request=0xffffffde fr.pc=0x00000149ddc31220 relative=0x0000000000000460
Event: 18.026 Thread 0x00000149ef9659b0 Uncommon trap: reason=class_check action=maybe_recompile pc=0x00000149ddc31220 method=kotlin.reflect.jvm.internal.impl.protobuf.CodedInputStream.tryRefillBuffer(I)Z @ 175 c2
Event: 18.026 Thread 0x00000149ef9659b0 DEOPT PACKING pc=0x00000149ddc31220 sp=0x0000004546ef4b70
Event: 18.026 Thread 0x00000149ef9659b0 DEOPT UNPACKING pc=0x00000149dd33d2a2 sp=0x0000004546ef4a58 mode 2
Event: 18.026 Thread 0x00000149ef9659b0 Uncommon trap: trap_request=0xffffffde fr.pc=0x00000149ddc31220 relative=0x0000000000000460
Event: 18.026 Thread 0x00000149ef9659b0 Uncommon trap: reason=class_check action=maybe_recompile pc=0x00000149ddc31220 method=kotlin.reflect.jvm.internal.impl.protobuf.CodedInputStream.tryRefillBuffer(I)Z @ 175 c2
Event: 18.026 Thread 0x00000149ef9659b0 DEOPT PACKING pc=0x00000149ddc31220 sp=0x0000004546ef4b70
Event: 18.026 Thread 0x00000149ef9659b0 DEOPT UNPACKING pc=0x00000149dd33d2a2 sp=0x0000004546ef4a58 mode 2
Event: 18.086 Thread 0x00000149ef9659b0 DEOPT PACKING pc=0x00000149d6097a89 sp=0x0000004546ef50f0
Event: 18.086 Thread 0x00000149ef9659b0 DEOPT UNPACKING pc=0x00000149dd38e462 sp=0x0000004546ef4660 mode 0

Classes loaded (20 events):
Event: 17.597 Loading class java/time/format/DateTimeFormatterBuilder$WeekBasedFieldPrinterParser
Event: 17.597 Loading class java/time/format/DateTimeFormatterBuilder$WeekBasedFieldPrinterParser done
Event: 17.613 Loading class com/sun/jmx/mbeanserver/StandardMBeanSupport
Event: 17.613 Loading class com/sun/jmx/mbeanserver/StandardMBeanSupport done
Event: 17.613 Loading class com/sun/jmx/mbeanserver/StandardMBeanIntrospector
Event: 17.614 Loading class com/sun/jmx/mbeanserver/StandardMBeanIntrospector done
Event: 17.757 Loading class sun/reflect/misc/MethodUtil
Event: 17.758 Loading class sun/reflect/misc/MethodUtil done
Event: 17.758 Loading class sun/reflect/misc/MethodUtil$1
Event: 17.758 Loading class sun/reflect/misc/MethodUtil$1 done
Event: 17.767 Loading class java/time/temporal/WeekFields
Event: 17.768 Loading class java/time/temporal/WeekFields done
Event: 17.768 Loading class java/time/temporal/WeekFields$ComputedDayOfField
Event: 17.768 Loading class java/time/temporal/WeekFields$ComputedDayOfField done
Event: 17.769 Loading class java/time/Month$1
Event: 17.769 Loading class java/time/Month$1 done
Event: 17.771 Loading class sun/nio/ch/ChannelOutputStream
Event: 17.771 Loading class sun/nio/ch/ChannelOutputStream done
Event: 18.016 Loading class java/lang/Override
Event: 18.016 Loading class java/lang/Override done

Classes unloaded (0 events):
No events

Classes redefined (0 events):
No events

Internal exceptions (20 events):
Event: 14.860 Thread 0x00000149ef9659b0 Exception <a 'java/lang/NoSuchMethodError'{0x0000000086a554c0}: 'java.lang.Object java.lang.invoke.DirectMethodHandle$Holder.newInvokeSpecial(java.lang.Object, java.lang.Object, java.lang.Object, java.lang.Object, java.lang.Object, java.lang.Object, java.lang.Object, java.lang.Object, java.lang.Object, java.lang.Object, java.lang.Object, java.lang.Object, java.lang.Object, java.lang.Object, java.lang.Object, java.lang.Object, java.lang.Object, java.lang.Object, java.lang.Object, java.lang.Object, java.lang
Event: 15.020 Thread 0x00000149ef9659b0 Exception <a 'java/lang/NoSuchMethodError'{0x0000000086bff6d8}: 'void java.lang.invoke.DirectMethodHandle$Holder.invokeInterface(java.lang.Object, java.lang.Object, java.lang.Object, java.lang.Object)'> (0x0000000086bff6d8) 
thrown [s\open\src\hotspot\share\interpreter\linkResolver.cpp, line 773]
Event: 17.327 Thread 0x00000149ef9659b0 Implicit null exception at 0x00000149ddbc929d to 0x00000149ddbc9760
Event: 17.327 Thread 0x00000149ef9659b0 Implicit null exception at 0x00000149ddbca29f to 0x00000149ddbca738
Event: 17.425 Thread 0x00000149ef9659b0 Exception <a 'java/lang/NoSuchMethodError'{0x00000000860ff4f0}: static Lorg/jetbrains/kotlin/gradle/plugin/internal/DefaultConfigurationTimePropertiesAccessorVariantFactory;.<clinit>()V> (0x00000000860ff4f0) 
thrown [s\open\src\hotspot\share\prims\jni.cpp, line 1105]
Event: 17.426 Thread 0x00000149ef9659b0 Exception <a 'java/lang/NoSuchMethodError'{0x0000000085f22bd8}: static Lorg/jetbrains/kotlin/gradle/plugin/internal/DefaultProjectIsolationStartParameterAccessorVariantFactory;.<clinit>()V> (0x0000000085f22bd8) 
thrown [s\open\src\hotspot\share\prims\jni.cpp, line 1105]
Event: 17.427 Thread 0x00000149ef9659b0 Exception <a 'java/lang/NoSuchMethodError'{0x0000000085f54cb0}: static Lorg/jetbrains/kotlin/gradle/plugin/internal/DefaultArtifactTypeAttributeAccessorVariantFactory;.<clinit>()V> (0x0000000085f54cb0) 
thrown [s\open\src\hotspot\share\prims\jni.cpp, line 1105]
Event: 17.428 Thread 0x00000149ef9659b0 Exception <a 'java/lang/NoSuchMethodError'{0x0000000085f86df0}: static Lorg/jetbrains/kotlin/gradle/plugin/internal/DefaultCompatibilityConventionRegistrar$Factory;.<clinit>()V> (0x0000000085f86df0) 
thrown [s\open\src\hotspot\share\prims\jni.cpp, line 1105]
Event: 17.429 Thread 0x00000149ef9659b0 Exception <a 'java/lang/NoSuchMethodError'{0x0000000085faaad0}: static Lorg/jetbrains/kotlin/gradle/plugin/internal/DefaultJavaSourceSetsAccessorVariantFactory;.<clinit>()V> (0x0000000085faaad0) 
thrown [s\open\src\hotspot\share\prims\jni.cpp, line 1105]
Event: 17.430 Thread 0x00000149ef9659b0 Exception <a 'java/lang/NoSuchMethodError'{0x0000000085fcde98}: static Lorg/jetbrains/kotlin/gradle/plugin/internal/DefaultIdeaSyncDetectorVariantFactory;.<clinit>()V> (0x0000000085fcde98) 
thrown [s\open\src\hotspot\share\prims\jni.cpp, line 1105]
Event: 17.431 Thread 0x00000149ef9659b0 Exception <a 'java/lang/NoSuchMethodError'{0x0000000085ff2828}: static Lorg/jetbrains/kotlin/gradle/plugin/internal/DefaultKotlinTestReportCompatibilityHelperVariantFactory;.<clinit>()V> (0x0000000085ff2828) 
thrown [s\open\src\hotspot\share\prims\jni.cpp, line 1105]
Event: 17.432 Thread 0x00000149ef9659b0 Exception <a 'java/lang/NoSuchMethodError'{0x0000000085e17090}: static Lorg/jetbrains/kotlin/gradle/plugin/internal/DefaultMppTestReportHelperVariantFactory;.<clinit>()V> (0x0000000085e17090) 
thrown [s\open\src\hotspot\share\prims\jni.cpp, line 1105]
Event: 17.433 Thread 0x00000149ef9659b0 Exception <a 'java/lang/NoSuchMethodError'{0x0000000085e49618}: static Lorg/jetbrains/kotlin/gradle/plugin/internal/DefaultConfigurationCacheStartParameterAccessorVariantFactory;.<clinit>()V> (0x0000000085e49618) 
thrown [s\open\src\hotspot\share\prims\jni.cpp, line 1105]
Event: 17.434 Thread 0x00000149ef9659b0 Exception <a 'java/lang/NoSuchMethodError'{0x0000000085e6e738}: static Lorg/jetbrains/kotlin/gradle/plugin/internal/MavenPluginConfigurator$DefaultMavenPluginConfiguratorVariantFactory;.<clinit>()V> (0x0000000085e6e738) 
thrown [s\open\src\hotspot\share\prims\jni.cpp, line 1105]
Event: 17.435 Thread 0x00000149ef9659b0 Exception <a 'java/lang/NoSuchMethodError'{0x0000000085e91da0}: static Lorg/jetbrains/kotlin/gradle/targets/js/nodejs/DefaultUnameExecutorVariantFactory;.<clinit>()V> (0x0000000085e91da0) 
thrown [s\open\src\hotspot\share\prims\jni.cpp, line 1105]
Event: 17.435 Thread 0x00000149ef9659b0 Exception <a 'java/lang/NoSuchMethodError'{0x0000000085eb5c10}: static Lorg/jetbrains/kotlin/gradle/plugin/internal/DefaultBasePluginConfigurationVariantFactory;.<clinit>()V> (0x0000000085eb5c10) 
thrown [s\open\src\hotspot\share\prims\jni.cpp, line 1105]
Event: 17.460 Thread 0x00000149ef9659b0 Exception <a 'java/lang/IncompatibleClassChangeError'{0x0000000085d80bb8}: Found class java.lang.Object, but interface was expected> (0x0000000085d80bb8) 
thrown [s\open\src\hotspot\share\interpreter\linkResolver.cpp, line 840]
Event: 17.758 Thread 0x00000149ef9659b0 Implicit null exception at 0x00000149ddb159e6 to 0x00000149ddb15a54
Event: 17.758 Thread 0x00000149ef9659b0 Implicit null exception at 0x00000149ddb59015 to 0x00000149ddb591b0
Event: 17.759 Thread 0x00000149ef9659b0 Exception <a 'java/lang/NoSuchMethodError'{0x0000000084c66610}: 'long java.lang.invoke.DelegatingMethodHandle$Holder.reinvoke_L(java.lang.Object, java.lang.Object)'> (0x0000000084c66610) 
thrown [s\open\src\hotspot\share\interpreter\linkResolver.cpp, line 773]

VM Operations (20 events):
Event: 14.550 Executing VM operation: HandshakeAllThreads
Event: 14.550 Executing VM operation: HandshakeAllThreads done
Event: 14.730 Executing VM operation: G1CollectForAllocation
Event: 14.737 Executing VM operation: G1CollectForAllocation done
Event: 14.860 Executing VM operation: CollectForMetadataAllocation
Event: 14.866 Executing VM operation: CollectForMetadataAllocation done
Event: 14.894 Executing VM operation: G1PauseRemark
Event: 14.899 Executing VM operation: G1PauseRemark done
Event: 14.909 Executing VM operation: G1PauseCleanup
Event: 14.910 Executing VM operation: G1PauseCleanup done
Event: 15.915 Executing VM operation: Cleanup
Event: 15.916 Executing VM operation: Cleanup done
Event: 16.927 Executing VM operation: Cleanup
Event: 16.927 Executing VM operation: Cleanup done
Event: 17.381 Executing VM operation: HandshakeAllThreads
Event: 17.381 Executing VM operation: HandshakeAllThreads done
Event: 17.505 Executing VM operation: HandshakeAllThreads
Event: 17.505 Executing VM operation: HandshakeAllThreads done
Event: 18.003 Executing VM operation: G1CollectForAllocation
Event: 18.007 Executing VM operation: G1CollectForAllocation done

Events (20 events):
Event: 14.898 Thread 0x00000149e80f87a0 flushing nmethod 0x00000149dda54090
Event: 14.898 Thread 0x00000149e80f87a0 flushing nmethod 0x00000149dda67e90
Event: 14.898 Thread 0x00000149e80f87a0 flushing nmethod 0x00000149dda66610
Event: 14.898 Thread 0x00000149e80f87a0 flushing nmethod 0x00000149dda30690
Event: 14.898 Thread 0x00000149e80f87a0 flushing nmethod 0x00000149dda28310
Event: 14.898 Thread 0x00000149e80f87a0 flushing nmethod 0x00000149dd9dc410
Event: 14.898 Thread 0x00000149e80f87a0 flushing nmethod 0x00000149dda4c610
Event: 14.898 Thread 0x00000149e80f87a0 flushing nmethod 0x00000149dd9da090
Event: 14.898 Thread 0x00000149e80f87a0 flushing nmethod 0x00000149dd9c5f10
Event: 14.898 Thread 0x00000149e80f87a0 flushing nmethod 0x00000149dd9d9790
Event: 14.898 Thread 0x00000149e80f87a0 flushing nmethod 0x00000149dda0df90
Event: 14.898 Thread 0x00000149e80f87a0 flushing nmethod 0x00000149dd918890
Event: 14.898 Thread 0x00000149e80f87a0 flushing nmethod 0x00000149dd93a790
Event: 14.898 Thread 0x00000149e80f87a0 flushing nmethod 0x00000149dd939c10
Event: 14.898 Thread 0x00000149e80f87a0 flushing nmethod 0x00000149dd97c390
Event: 14.898 Thread 0x00000149e80f87a0 flushing nmethod 0x00000149dd96be90
Event: 14.898 Thread 0x00000149e80f87a0 flushing nmethod 0x00000149dd957110
Event: 14.898 Thread 0x00000149e80f87a0 flushing nmethod 0x00000149dd950390
Event: 14.898 Thread 0x00000149e80f87a0 flushing nmethod 0x00000149dd8c0a10
Event: 17.625 Thread 0x00000149f423cff0 Thread added: 0x00000149f423cff0


Dynamic libraries:
0x00007ff647960000 - 0x00007ff647970000 	C:\Program Files\Java\jdk-20\bin\java.exe
0x00007ff8a4e50000 - 0x00007ff8a5067000 	C:\WINDOWS\SYSTEM32\ntdll.dll
0x00007ff89d3a0000 - 0x00007ff89d3bb000 	C:\Program Files\Norton\Suite\aswhook.dll
0x00007ff8a3a70000 - 0x00007ff8a3b34000 	C:\WINDOWS\System32\KERNEL32.DLL
0x00007ff8a2330000 - 0x00007ff8a2702000 	C:\WINDOWS\System32\KERNELBASE.dll
0x00007ff8a20a0000 - 0x00007ff8a21b1000 	C:\WINDOWS\System32\ucrtbase.dll
0x00007fffc7710000 - 0x00007fffc772b000 	C:\Program Files\Java\jdk-20\bin\VCRUNTIME140.dll
0x00007fffc76f0000 - 0x00007fffc7709000 	C:\Program Files\Java\jdk-20\bin\jli.dll
0x00007ff8a2cb0000 - 0x00007ff8a2d61000 	C:\WINDOWS\System32\ADVAPI32.dll
0x00007ff8a3ba0000 - 0x00007ff8a3c47000 	C:\WINDOWS\System32\msvcrt.dll
0x00007ff8a2bd0000 - 0x00007ff8a2c78000 	C:\WINDOWS\System32\sechost.dll
0x00007ff8a2790000 - 0x00007ff8a27b8000 	C:\WINDOWS\System32\bcrypt.dll
0x00007ff8a3720000 - 0x00007ff8a3834000 	C:\WINDOWS\System32\RPCRT4.dll
0x00007ff8a3850000 - 0x00007ff8a3a01000 	C:\WINDOWS\System32\USER32.dll
0x00007ff8a2300000 - 0x00007ff8a2326000 	C:\WINDOWS\System32\win32u.dll
0x00007ff88f4b0000 - 0x00007ff88f74b000 	C:\WINDOWS\WinSxS\amd64_microsoft.windows.common-controls_6595b64144ccf1df_6.0.22621.5415_none_270d77d17387d7da\COMCTL32.dll
0x00007ff8a2c80000 - 0x00007ff8a2ca9000 	C:\WINDOWS\System32\GDI32.dll
0x00007ff8a2930000 - 0x00007ff8a2a53000 	C:\WINDOWS\System32\gdi32full.dll
0x00007ff8a2000000 - 0x00007ff8a209a000 	C:\WINDOWS\System32\msvcp_win.dll
0x00007ff899010000 - 0x00007ff89901a000 	C:\WINDOWS\SYSTEM32\VERSION.dll
0x00007ff8a4ce0000 - 0x00007ff8a4d11000 	C:\WINDOWS\System32\IMM32.DLL
0x00007fffc4870000 - 0x00007fffc487c000 	C:\Program Files\Java\jdk-20\bin\vcruntime140_1.dll
0x00007fffc47e0000 - 0x00007fffc486e000 	C:\Program Files\Java\jdk-20\bin\msvcp140.dll
0x00007fff99c20000 - 0x00007fff9a8b7000 	C:\Program Files\Java\jdk-20\bin\server\jvm.dll
0x00007ff87d500000 - 0x00007ff87d509000 	C:\WINDOWS\SYSTEM32\WSOCK32.dll
0x00007ff894860000 - 0x00007ff894894000 	C:\WINDOWS\SYSTEM32\WINMM.dll
0x00007ff8a2d70000 - 0x00007ff8a2de1000 	C:\WINDOWS\System32\WS2_32.dll
0x00007ff8a0f30000 - 0x00007ff8a0f48000 	C:\WINDOWS\SYSTEM32\kernel.appcore.dll
0x00007fffc47d0000 - 0x00007fffc47da000 	C:\Program Files\Java\jdk-20\bin\jimage.dll
0x00007ff89f7a0000 - 0x00007ff89f9d3000 	C:\WINDOWS\SYSTEM32\DBGHELP.DLL
0x00007ff8a3380000 - 0x00007ff8a3713000 	C:\WINDOWS\System32\combase.dll
0x00007ff8a4a10000 - 0x00007ff8a4ae7000 	C:\WINDOWS\System32\OLEAUT32.dll
0x00007ff88e820000 - 0x00007ff88e852000 	C:\WINDOWS\SYSTEM32\dbgcore.DLL
0x00007ff8a2710000 - 0x00007ff8a278b000 	C:\WINDOWS\System32\bcryptPrimitives.dll
0x00007fffc3440000 - 0x00007fffc344e000 	C:\Program Files\Java\jdk-20\bin\instrument.dll
0x00007fffc47a0000 - 0x00007fffc47c6000 	C:\Program Files\Java\jdk-20\bin\java.dll
0x00007fffc4440000 - 0x00007fffc4517000 	C:\Program Files\Java\jdk-20\bin\jsvml.dll
0x00007ff8a3f90000 - 0x00007ff8a4832000 	C:\WINDOWS\System32\SHELL32.dll
0x00007ff8a21c0000 - 0x00007ff8a22ff000 	C:\WINDOWS\System32\wintypes.dll
0x00007ff89fe20000 - 0x00007ff8a073e000 	C:\WINDOWS\SYSTEM32\windows.storage.dll
0x00007ff8a3df0000 - 0x00007ff8a3efb000 	C:\WINDOWS\System32\SHCORE.dll
0x00007ff8a4da0000 - 0x00007ff8a4e09000 	C:\WINDOWS\System32\shlwapi.dll
0x00007ff8a1e70000 - 0x00007ff8a1e9b000 	C:\WINDOWS\SYSTEM32\profapi.dll
0x00007fffc4530000 - 0x00007fffc4548000 	C:\Program Files\Java\jdk-20\bin\zip.dll
0x00007fffc4780000 - 0x00007fffc4793000 	C:\Program Files\Java\jdk-20\bin\net.dll
0x00007ff89b3e0000 - 0x00007ff89b50c000 	C:\WINDOWS\SYSTEM32\WINHTTP.dll
0x00007ff8a13b0000 - 0x00007ff8a1419000 	C:\WINDOWS\system32\mswsock.dll
0x00007fffc4760000 - 0x00007fffc4776000 	C:\Program Files\Java\jdk-20\bin\nio.dll
0x00007fffc4520000 - 0x00007fffc4530000 	C:\Program Files\Java\jdk-20\bin\verify.dll
0x00007fffc4410000 - 0x00007fffc4437000 	C:\Users\Mohan Raj\.gradle\native\c067742578af261105cb4f569cf0c3c89f3d7b1fecec35dd04571415982c5e48\windows-amd64\native-platform.dll
0x00007fffc32f0000 - 0x00007fffc3434000 	C:\Users\Mohan Raj\.gradle\native\100fb08df4bc3b14c8652ba06237920a3bd2aa13389f12d3474272988ae205f9\windows-amd64\native-platform-file-events.dll
0x00007fffc3470000 - 0x00007fffc347a000 	C:\Program Files\Java\jdk-20\bin\management.dll
0x00007fffc3460000 - 0x00007fffc346b000 	C:\Program Files\Java\jdk-20\bin\management_ext.dll
0x00007ff8a3840000 - 0x00007ff8a3848000 	C:\WINDOWS\System32\PSAPI.DLL
0x00007ff8a16a0000 - 0x00007ff8a16bb000 	C:\WINDOWS\SYSTEM32\CRYPTSP.dll
0x00007ff8a0e90000 - 0x00007ff8a0ec7000 	C:\WINDOWS\system32\rsaenh.dll
0x00007ff8a1500000 - 0x00007ff8a1528000 	C:\WINDOWS\SYSTEM32\USERENV.dll
0x00007ff8a1690000 - 0x00007ff8a169c000 	C:\WINDOWS\SYSTEM32\CRYPTBASE.dll
0x00007ff8a09a0000 - 0x00007ff8a09cd000 	C:\WINDOWS\SYSTEM32\IPHLPAPI.DLL
0x00007ff8a3a10000 - 0x00007ff8a3a19000 	C:\WINDOWS\System32\NSI.dll
0x00007ff89b310000 - 0x00007ff89b329000 	C:\WINDOWS\SYSTEM32\dhcpcsvc6.DLL
0x00007ff89b2f0000 - 0x00007ff89b30f000 	C:\WINDOWS\SYSTEM32\dhcpcsvc.DLL
0x00007ff8a0a10000 - 0x00007ff8a0b08000 	C:\WINDOWS\SYSTEM32\DNSAPI.dll
0x00007fffc3450000 - 0x00007fffc3457000 	C:\Program Files\Java\jdk-20\bin\extnet.dll
0x00007fffc32e0000 - 0x00007fffc32ee000 	C:\Program Files\Java\jdk-20\bin\sunmscapi.dll
0x00007ff8a27c0000 - 0x00007ff8a2927000 	C:\WINDOWS\System32\CRYPT32.dll
0x00007ff8a18d0000 - 0x00007ff8a18fd000 	C:\WINDOWS\SYSTEM32\ncrypt.dll
0x00007ff8a1890000 - 0x00007ff8a18c7000 	C:\WINDOWS\SYSTEM32\NTASN1.dll
0x00007ff89d390000 - 0x00007ff89d398000 	C:\WINDOWS\system32\wshunix.dll

dbghelp: loaded successfully - version: 4.0.5 - missing functions: none
symbol engine: initialized successfully - sym options: 0x614 - pdb path: .;C:\Program Files\Java\jdk-20\bin;C:\WINDOWS\SYSTEM32;C:\Program Files\Norton\Suite;C:\WINDOWS\WinSxS\amd64_microsoft.windows.common-controls_6595b64144ccf1df_6.0.22621.5415_none_270d77d17387d7da;C:\Program Files\Java\jdk-20\bin\server;C:\Users\Mohan Raj\.gradle\native\c067742578af261105cb4f569cf0c3c89f3d7b1fecec35dd04571415982c5e48\windows-amd64;C:\Users\Mohan Raj\.gradle\native\100fb08df4bc3b14c8652ba06237920a3bd2aa13389f12d3474272988ae205f9\windows-amd64

VM Arguments:
jvm_args: -XX:MaxMetaspaceSize=512m --add-opens=java.base/java.util=ALL-UNNAMED --add-opens=java.base/java.lang=ALL-UNNAMED --add-opens=java.base/java.lang.invoke=ALL-UNNAMED --add-opens=java.prefs/java.util.prefs=ALL-UNNAMED --add-exports=jdk.compiler/com.sun.tools.javac.api=ALL-UNNAMED --add-exports=jdk.compiler/com.sun.tools.javac.util=ALL-UNNAMED --add-opens=java.base/java.nio.charset=ALL-UNNAMED --add-opens=java.base/java.net=ALL-UNNAMED --add-opens=java.base/java.util.concurrent.atomic=ALL-UNNAMED -Xmx2048m -Dfile.encoding=UTF-8 -Duser.country=IN -Duser.language=en -Duser.variant -javaagent:C:\Users\Mohan Raj\.gradle\wrapper\dists\gradle-8.10.2-all\7iv73wktx1xtkvlq19urqw1wm\gradle-8.10.2\lib\agents\gradle-instrumentation-agent-8.10.2.jar 
java_command: org.gradle.launcher.daemon.bootstrap.GradleDaemon 8.10.2
java_class_path (initial): C:\Users\Mohan Raj\.gradle\wrapper\dists\gradle-8.10.2-all\7iv73wktx1xtkvlq19urqw1wm\gradle-8.10.2\lib\gradle-daemon-main-8.10.2.jar
Launcher Type: SUN_STANDARD

[Global flags]
     intx CICompilerCount                          = 4                                         {product} {ergonomic}
   size_t CompressedClassSpaceSize                 = 432013312                                 {product} {ergonomic}
     uint ConcGCThreads                            = 3                                         {product} {ergonomic}
     uint G1ConcRefinementThreads                  = 10                                        {product} {ergonomic}
   size_t G1HeapRegionSize                         = 1048576                                   {product} {ergonomic}
    uintx GCDrainStackTargetSize                   = 64                                        {product} {ergonomic}
   size_t InitialHeapSize                          = 130023424                                 {product} {ergonomic}
   size_t MarkStackSize                            = 4194304                                   {product} {ergonomic}
   size_t MaxHeapSize                              = 2147483648                                {product} {command line}
   size_t MaxMetaspaceSize                         = 536870912                                 {product} {command line}
   size_t MaxNewSize                               = 1287651328                                {product} {ergonomic}
   size_t MinHeapDeltaBytes                        = 1048576                                   {product} {ergonomic}
   size_t MinHeapSize                              = 8388608                                   {product} {ergonomic}
    uintx NonNMethodCodeHeapSize                   = 5839372                                {pd product} {ergonomic}
    uintx NonProfiledCodeHeapSize                  = 122909434                              {pd product} {ergonomic}
    uintx ProfiledCodeHeapSize                     = 122909434                              {pd product} {ergonomic}
    uintx ReservedCodeCacheSize                    = 251658240                              {pd product} {ergonomic}
     bool SegmentedCodeCache                       = true                                      {product} {ergonomic}
   size_t SoftMaxHeapSize                          = 2147483648                             {manageable} {ergonomic}
     bool UseCompressedClassPointers               = true                           {product lp64_product} {ergonomic}
     bool UseCompressedOops                        = true                           {product lp64_product} {ergonomic}
     bool UseG1GC                                  = true                                      {product} {ergonomic}
     bool UseLargePagesIndividualAllocation        = false                                  {pd product} {ergonomic}

Logging:
Log output configuration:
 #0: stdout all=warning uptime,level,tags foldmultilines=false
 #1: stderr all=off uptime,level,tags foldmultilines=false

Environment Variables:
JAVA_HOME=C:\Program Files\Java\jdk-20
CLASSPATH=D:\reactnative\android\\gradle\wrapper\gradle-wrapper.jar
PATH=D:\reactnative\node_modules\.bin;D:\reactnative\node_modules\.bin;D:\node_modules\.bin;C:\Users\Mohan Raj\AppData\Roaming\npm\node_modules\npm\node_modules\@npmcli\run-script\lib\node-gyp-bin;D:\reactnative\node_modules\.bin;D:\reactnative\node_modules\.bin;D:\node_modules\.bin;C:\Users\Mohan Raj\AppData\Roaming\npm\node_modules\npm\node_modules\@npmcli\run-script\lib\node-gyp-bin;C:\Program Files\Microsoft\jdk-17.0.13.11-hotspot\bin;C:\Program Files\Common Files\Oracle\Java\javapath;C:\Program Files (x86)\Common Files\Oracle\Java\javapath;C:\Windows\System32;C:\Windows\SysWOW64;C:\flutter\bin;C:\Program Files\Java\jdk-20\bin;C:\Program Files\Java\jre-1.8\bin;C:\Program Files\dotnet\;C:\Program Files\Microsoft SQL Server\Client SDK\ODBC\170\Tools\Binn\;C:\Program Files\Microsoft SQL Server\150\DTS\Binn\;C:\php8;C:\ProgramData\ComposerSetup\bin;C:\Program Files\PuTTY\;C:\Program Files\Git\cmd;D:\old\flutter\bin;C:\Windows\System32\WindowsPowerShell\v1.0;C:\dartsdk-windows-x64-release\dart-sdk\bin;C:\MinGW\bin;C:\Program Files\Microsoft SQL Server\150\Tools\Binn\;C:\Program Files\Apache Software Foundation\Tomcat 10.1\bin;C:\Program Files\Java\jdk-23\bin;C:\ProgramData\chocolatey\bin;C:\Users\Mohan Raj\AppData\Local\Android\Sdk\platform-tools;C:\Users\Mohan Raj\AppData\Local\Android\Sdk\cmdline-tools\latest\bin;C:\Users\Mohan Raj\Downloads\gradle-8.11.1-bin\gradle-8.11.1\bin;C:\msys64\mingw64\bin;C:\Users\Mohan Raj\AppData\Local\nvm;C:\nvm4w\nodejs;D:\maven\apache-maven-3.9.9\bin;D:\maven\apache-maven-3.9.9;;C:\Program Files\Go\bin;C:\Program Files (x86)\Windows Kits\10\Windows Performance Toolkit\;C:\Users\Mohan Raj\AppData\Local\Android\Sdk\tools;C:\Users\Mohan Raj\Downloads;C:\dartsdk-windows-x64-release\dart-sdk\bin;C:\Program Files\Java\jdk-20\bin;C:\Windows\SysWOW64;C:\Program Files\JetBrains\IntelliJ IDEA Community Edition 2024.1\bin;;C:\Users\Mohan Raj\AppData\Local\Programs\Microsoft VS Code\bin;C:\PHP8;C:\Users\Mohan Raj\AppData\Roaming\Composer\vendor\bin;D:\old\flutter\bin;C:\Users\Mohan Raj\AppData\Roaming\npm;C:\Users\Mohan Raj\AppData\Local\Android\Sdk\cmdline-tools\latest\bin;C:\Users\Mohan Raj\AppData\Local\nvm;C:\nvm4w\nodejs;C:\Users\Mohan Raj\go\bin;C:\Users\Mohan Raj\AppData\Local\Programs\cursor\resources\app\bin
USERNAME=Mohan Raj
LANG=en_US.UTF-8
OS=Windows_NT
PROCESSOR_IDENTIFIER=Intel64 Family 6 Model 141 Stepping 1, GenuineIntel
TMP=C:\Users\MOHANR~1\AppData\Local\Temp
TEMP=C:\Users\MOHANR~1\AppData\Local\Temp




---------------  S Y S T E M  ---------------

OS:
 Windows 11 , 64 bit Build 22621 (10.0.22621.5415)
OS uptime: 0 days 5:55 hours
Hyper-V role detected

CPU: total 12 (initial active 12) (6 cores per cpu, 2 threads per core) family 6 model 141 stepping 1 microcode 0x26, cx8, cmov, fxsr, ht, mmx, 3dnowpref, sse, sse2, sse3, ssse3, sse4.1, sse4.2, popcnt, lzcnt, tsc, tscinvbit, avx, avx2, aes, erms, clmul, bmi1, bmi2, adx, avx512f, avx512dq, avx512cd, avx512bw, avx512vl, sha, fma, vzeroupper, avx512_vpopcntdq, avx512_vpclmulqdq, avx512_vaes, avx512_vnni, clflush, clflushopt, clwb, avx512_vbmi2, avx512_vbmi, hv, rdtscp, rdpid, fsrm, gfni, avx512_bitalg, f16c, cet_ibt, cet_ss, avx512_ifma

Memory: 4k page, system-wide physical 7893M (364M free)
TotalPageFile size 32469M (AvailPageFile size 65M)
current process WorkingSet (physical memory assigned to process): 306M, peak: 309M
current process commit charge ("private bytes"): 354M, peak: 355M

vm_info: Java HotSpot(TM) 64-Bit Server VM (20.0.1+9-29) for windows-amd64 JRE (20.0.1+9-29), built on 2023-03-07T13:56:11Z by "mach5one" with MS VC++ 17.1 (VS2022)

END.
